Saved 1050 rows to C:\Users\Alexander\Desktop\Education\Aspa\code\output_research_core_v6_full_20260214_182812\01_wave1\lhs_runs.csv
Saved emulator scores to C:\Users\Alexander\Desktop\Education\Aspa\code\output_research_core_v6_full_20260214_182812\01_wave1\emulator_scores.csv
Saved sigma calibration summary to C:\Users\Alexander\Desktop\Education\Aspa\code\output_research_core_v6_full_20260214_182812\01_wave1\sigma_calibration_summary.csv
Saved calibrated targets to C:\Users\Alexander\Desktop\Education\Aspa\code\output_research_core_v6_full_20260214_182812\01_wave1\targets_calibrated.json
Saved uncertainty breakdown to C:\Users\Alexander\Desktop\Education\Aspa\code\output_research_core_v6_full_20260214_182812\01_wave1\uncertainty_components.csv
Saved history matching table to C:\Users\Alexander\Desktop\Education\Aspa\code\output_research_core_v6_full_20260214_182812\01_wave1\history_matching.csv
Saved refined intervals to C:\Users\Alexander\Desktop\Education\Aspa\code\output_research_core_v6_full_20260214_182812\01_wave1\refined_intervals.csv
Saved sensitivity table to C:\Users\Alexander\Desktop\Education\Aspa\code\output_research_core_v6_full_20260214_182812\01_wave1\sensitivity_uncertainty.csv
Saved sensitivity report to C:\Users\Alexander\Desktop\Education\Aspa\code\output_research_core_v6_full_20260214_182812\01_wave1\sensitivity_report.md
Saved 1050 rows to C:\Users\Alexander\Desktop\Education\Aspa\code\output_research_core_v6_full_20260214_182812\02_wave2\lhs_runs_wave2.csv
Saved emulator scores to C:\Users\Alexander\Desktop\Education\Aspa\code\output_research_core_v6_full_20260214_182812\02_wave2\emulator_scores.csv
Saved sigma calibration summary to C:\Users\Alexander\Desktop\Education\Aspa\code\output_research_core_v6_full_20260214_182812\02_wave2\sigma_calibration_summary_iter0.csv
Saved calibrated targets to C:\Users\Alexander\Desktop\Education\Aspa\code\output_research_core_v6_full_20260214_182812\02_wave2\targets_calibrated_iter0.json
Saved uncertainty breakdown to C:\Users\Alexander\Desktop\Education\Aspa\code\output_research_core_v6_full_20260214_182812\02_wave2\uncertainty_components.csv
Saved history matching table to C:\Users\Alexander\Desktop\Education\Aspa\code\output_research_core_v6_full_20260214_182812\02_wave2\history_matching.csv
Saved refined intervals to C:\Users\Alexander\Desktop\Education\Aspa\code\output_research_core_v6_full_20260214_182812\02_wave2\refined_intervals.csv
Saved sensitivity table to C:\Users\Alexander\Desktop\Education\Aspa\code\output_research_core_v6_full_20260214_182812\02_wave2\sensitivity_uncertainty.csv
Saved sensitivity report to C:\Users\Alexander\Desktop\Education\Aspa\code\output_research_core_v6_full_20260214_182812\02_wave2\sensitivity_report.md
Saved 1050 rows to C:\Users\Alexander\Desktop\Education\Aspa\code\output_research_core_v6_full_20260214_182812\waves\wave_03\lhs_runs_wave3.csv
Saved emulator scores to C:\Users\Alexander\Desktop\Education\Aspa\code\output_research_core_v6_full_20260214_182812\waves\wave_03\emulator_scores.csv
Saved sigma calibration summary to C:\Users\Alexander\Desktop\Education\Aspa\code\output_research_core_v6_full_20260214_182812\waves\wave_03\sigma_calibration_summary_iter0.csv
Saved calibrated targets to C:\Users\Alexander\Desktop\Education\Aspa\code\output_research_core_v6_full_20260214_182812\waves\wave_03\targets_calibrated_iter0.json
Saved uncertainty breakdown to C:\Users\Alexander\Desktop\Education\Aspa\code\output_research_core_v6_full_20260214_182812\waves\wave_03\uncertainty_components.csv
Saved history matching table to C:\Users\Alexander\Desktop\Education\Aspa\code\output_research_core_v6_full_20260214_182812\waves\wave_03\history_matching.csv
Saved refined intervals to C:\Users\Alexander\Desktop\Education\Aspa\code\output_research_core_v6_full_20260214_182812\waves\wave_03\refined_intervals.csv
Saved sensitivity table to C:\Users\Alexander\Desktop\Education\Aspa\code\output_research_core_v6_full_20260214_182812\waves\wave_03\sensitivity_uncertainty.csv
Saved sensitivity report to C:\Users\Alexander\Desktop\Education\Aspa\code\output_research_core_v6_full_20260214_182812\waves\wave_03\sensitivity_report.md
Saved emulator scores to C:\Users\Alexander\Desktop\Education\Aspa\code\output_research_core_v6_full_20260214_182812\waves\wave_03\emulator_scores.csv
Saved sigma calibration summary to C:\Users\Alexander\Desktop\Education\Aspa\code\output_research_core_v6_full_20260214_182812\waves\wave_03\sigma_calibration_summary_iter1.csv
Saved calibrated targets to C:\Users\Alexander\Desktop\Education\Aspa\code\output_research_core_v6_full_20260214_182812\waves\wave_03\targets_calibrated_iter1.json
Saved uncertainty breakdown to C:\Users\Alexander\Desktop\Education\Aspa\code\output_research_core_v6_full_20260214_182812\waves\wave_03\uncertainty_components.csv
Saved history matching table to C:\Users\Alexander\Desktop\Education\Aspa\code\output_research_core_v6_full_20260214_182812\waves\wave_03\history_matching.csv
Saved refined intervals to C:\Users\Alexander\Desktop\Education\Aspa\code\output_research_core_v6_full_20260214_182812\waves\wave_03\refined_intervals.csv
Saved sensitivity table to C:\Users\Alexander\Desktop\Education\Aspa\code\output_research_core_v6_full_20260214_182812\waves\wave_03\sensitivity_uncertainty.csv
Saved sensitivity report to C:\Users\Alexander\Desktop\Education\Aspa\code\output_research_core_v6_full_20260214_182812\waves\wave_03\sensitivity_report.md
Saved emulator scores to C:\Users\Alexander\Desktop\Education\Aspa\code\output_research_core_v6_full_20260214_182812\waves\wave_03\emulator_scores.csv
Saved sigma calibration summary to C:\Users\Alexander\Desktop\Education\Aspa\code\output_research_core_v6_full_20260214_182812\waves\wave_03\sigma_calibration_summary_iter2.csv
Saved calibrated targets to C:\Users\Alexander\Desktop\Education\Aspa\code\output_research_core_v6_full_20260214_182812\waves\wave_03\targets_calibrated_iter2.json
Saved uncertainty breakdown to C:\Users\Alexander\Desktop\Education\Aspa\code\output_research_core_v6_full_20260214_182812\waves\wave_03\uncertainty_components.csv
Saved history matching table to C:\Users\Alexander\Desktop\Education\Aspa\code\output_research_core_v6_full_20260214_182812\waves\wave_03\history_matching.csv
Saved refined intervals to C:\Users\Alexander\Desktop\Education\Aspa\code\output_research_core_v6_full_20260214_182812\waves\wave_03\refined_intervals.csv
Saved sensitivity table to C:\Users\Alexander\Desktop\Education\Aspa\code\output_research_core_v6_full_20260214_182812\waves\wave_03\sensitivity_uncertainty.csv
Saved sensitivity report to C:\Users\Alexander\Desktop\Education\Aspa\code\output_research_core_v6_full_20260214_182812\waves\wave_03\sensitivity_report.md
Saved 750 rows to C:\Users\Alexander\Desktop\Education\Aspa\code\output_research_core_v6_full_20260214_182812\waves\wave_04\lhs_runs_wave4.csv
Saved emulator scores to C:\Users\Alexander\Desktop\Education\Aspa\code\output_research_core_v6_full_20260214_182812\waves\wave_04\emulator_scores.csv
Saved sigma calibration summary to C:\Users\Alexander\Desktop\Education\Aspa\code\output_research_core_v6_full_20260214_182812\waves\wave_04\sigma_calibration_summary_iter0.csv
Saved calibrated targets to C:\Users\Alexander\Desktop\Education\Aspa\code\output_research_core_v6_full_20260214_182812\waves\wave_04\targets_calibrated_iter0.json
Saved uncertainty breakdown to C:\Users\Alexander\Desktop\Education\Aspa\code\output_research_core_v6_full_20260214_182812\waves\wave_04\uncertainty_components.csv
Saved history matching table to C:\Users\Alexander\Desktop\Education\Aspa\code\output_research_core_v6_full_20260214_182812\waves\wave_04\history_matching.csv
Saved refined intervals to C:\Users\Alexander\Desktop\Education\Aspa\code\output_research_core_v6_full_20260214_182812\waves\wave_04\refined_intervals.csv
Saved sensitivity table to C:\Users\Alexander\Desktop\Education\Aspa\code\output_research_core_v6_full_20260214_182812\waves\wave_04\sensitivity_uncertainty.csv
Saved sensitivity report to C:\Users\Alexander\Desktop\Education\Aspa\code\output_research_core_v6_full_20260214_182812\waves\wave_04\sensitivity_report.md
[INFO] Saved run config: C:\Users\Alexander\Desktop\Education\Aspa\code\output_research_core_v6_full_20260214_182812\run_config.json
[RUN] C:\Users\Alexander\AppData\Local\Programs\Python\Python313\python.exe scripts/run_lhs.py --n 350 --seed 0 --seeds 0,1,2 --steps 220 --window 30 --balance-ok-threshold 0.6 --format csv --output C:\Users\Alexander\Desktop\Education\Aspa\code\output_research_core_v6_full_20260214_182812\01_wave1\lhs_runs.csv
[RUN] C:\Users\Alexander\AppData\Local\Programs\Python\Python313\python.exe scripts/train_emulator.py --data C:\Users\Alexander\Desktop\Education\Aspa\code\output_research_core_v6_full_20260214_182812\01_wave1\lhs_runs.csv --targets C:\Users\Alexander\Desktop\Education\Aspa\code\scripts\targets_report.json --min-r2-for-history-matching 0.3 --improb-threshold 2.6 --ev-mode seed_replicates --ev-default-quantile 0.8 --sigma-calibration-mode fixed --sigma-calibration-summary C:\Users\Alexander\Desktop\Education\Aspa\code\output_research_core_v6_full_20260214_182812\01_wave1\sigma_calibration_summary.csv --calibrated-targets-out C:\Users\Alexander\Desktop\Education\Aspa\code\output_research_core_v6_full_20260214_182812\01_wave1\targets_calibrated.json --sa-enable --sa-domain nroy --sa-reductions 0.1,0.2,0.3,0.4 --outdir C:\Users\Alexander\Desktop\Education\Aspa\code\output_research_core_v6_full_20260214_182812\01_wave1
[RUN] C:\Users\Alexander\AppData\Local\Programs\Python\Python313\python.exe scripts/run_lhs.py --n 350 --seed 1 --seeds 0,1,2 --steps 220 --window 30 --balance-ok-threshold 0.6 --format csv --output C:\Users\Alexander\Desktop\Education\Aspa\code\output_research_core_v6_full_20260214_182812\02_wave2\lhs_runs_wave2.csv --bounds-csv C:\Users\Alexander\Desktop\Education\Aspa\code\output_research_core_v6_full_20260214_182812\01_wave1\refined_intervals.csv --bounds-kind p05p95
[RUN] C:\Users\Alexander\AppData\Local\Programs\Python\Python313\python.exe scripts/train_emulator.py --data C:\Users\Alexander\Desktop\Education\Aspa\code\output_research_core_v6_full_20260214_182812\02_wave2\lhs_runs_wave2.csv --targets C:\Users\Alexander\Desktop\Education\Aspa\code\output_research_core_v6_full_20260214_182812\01_wave1\targets_for_wave_final.json --min-r2-for-history-matching 0.3 --improb-threshold 2.6 --ev-mode seed_replicates --ev-default-quantile 0.8 --sigma-calibration-mode fixed --sigma-calibration-summary C:\Users\Alexander\Desktop\Education\Aspa\code\output_research_core_v6_full_20260214_182812\02_wave2\sigma_calibration_summary_iter0.csv --calibrated-targets-out C:\Users\Alexander\Desktop\Education\Aspa\code\output_research_core_v6_full_20260214_182812\02_wave2\targets_calibrated_iter0.json --sa-enable --sa-domain nroy --sa-reductions 0.1,0.2,0.3,0.4 --outdir C:\Users\Alexander\Desktop\Education\Aspa\code\output_research_core_v6_full_20260214_182812\02_wave2
[RUN] C:\Users\Alexander\AppData\Local\Programs\Python\Python313\python.exe scripts/run_lhs.py --n 350 --seed 2 --seeds 0,1,2 --steps 220 --window 30 --balance-ok-threshold 0.6 --format csv --output C:\Users\Alexander\Desktop\Education\Aspa\code\output_research_core_v6_full_20260214_182812\waves\wave_03\lhs_runs_wave3.csv --bounds-csv C:\Users\Alexander\Desktop\Education\Aspa\code\output_research_core_v6_full_20260214_182812\02_wave2\refined_intervals.csv --bounds-kind p05p95
[RUN] C:\Users\Alexander\AppData\Local\Programs\Python\Python313\python.exe scripts/train_emulator.py --data C:\Users\Alexander\Desktop\Education\Aspa\code\output_research_core_v6_full_20260214_182812\waves\wave_03\lhs_runs_wave3.csv --targets C:\Users\Alexander\Desktop\Education\Aspa\code\output_research_core_v6_full_20260214_182812\02_wave2\targets_for_wave_final.json --min-r2-for-history-matching 0.3 --improb-threshold 2.6 --ev-mode seed_replicates --ev-default-quantile 0.8 --sigma-calibration-mode fixed --sigma-calibration-summary C:\Users\Alexander\Desktop\Education\Aspa\code\output_research_core_v6_full_20260214_182812\waves\wave_03\sigma_calibration_summary_iter0.csv --calibrated-targets-out C:\Users\Alexander\Desktop\Education\Aspa\code\output_research_core_v6_full_20260214_182812\waves\wave_03\targets_calibrated_iter0.json --sa-enable --sa-domain nroy --sa-reductions 0.1,0.2,0.3,0.4 --outdir C:\Users\Alexander\Desktop\Education\Aspa\code\output_research_core_v6_full_20260214_182812\waves\wave_03
[RUN] C:\Users\Alexander\AppData\Local\Programs\Python\Python313\python.exe scripts/train_emulator.py --data C:\Users\Alexander\Desktop\Education\Aspa\code\output_research_core_v6_full_20260214_182812\waves\wave_03\lhs_runs_wave3.csv --targets C:\Users\Alexander\Desktop\Education\Aspa\code\output_research_core_v6_full_20260214_182812\waves\wave_03\targets_tuned_iter1.json --min-r2-for-history-matching 0.3 --improb-threshold 2.6 --ev-mode seed_replicates --ev-default-quantile 0.8 --sigma-calibration-mode fixed --sigma-calibration-summary C:\Users\Alexander\Desktop\Education\Aspa\code\output_research_core_v6_full_20260214_182812\waves\wave_03\sigma_calibration_summary_iter1.csv --calibrated-targets-out C:\Users\Alexander\Desktop\Education\Aspa\code\output_research_core_v6_full_20260214_182812\waves\wave_03\targets_calibrated_iter1.json --sa-enable --sa-domain nroy --sa-reductions 0.1,0.2,0.3,0.4 --outdir C:\Users\Alexander\Desktop\Education\Aspa\code\output_research_core_v6_full_20260214_182812\waves\wave_03
[RUN] C:\Users\Alexander\AppData\Local\Programs\Python\Python313\python.exe scripts/train_emulator.py --data C:\Users\Alexander\Desktop\Education\Aspa\code\output_research_core_v6_full_20260214_182812\waves\wave_03\lhs_runs_wave3.csv --targets C:\Users\Alexander\Desktop\Education\Aspa\code\output_research_core_v6_full_20260214_182812\waves\wave_03\targets_tuned_iter2.json --min-r2-for-history-matching 0.3 --improb-threshold 2.6 --ev-mode seed_replicates --ev-default-quantile 0.8 --sigma-calibration-mode fixed --sigma-calibration-summary C:\Users\Alexander\Desktop\Education\Aspa\code\output_research_core_v6_full_20260214_182812\waves\wave_03\sigma_calibration_summary_iter2.csv --calibrated-targets-out C:\Users\Alexander\Desktop\Education\Aspa\code\output_research_core_v6_full_20260214_182812\waves\wave_03\targets_calibrated_iter2.json --sa-enable --sa-domain nroy --sa-reductions 0.1,0.2,0.3,0.4 --outdir C:\Users\Alexander\Desktop\Education\Aspa\code\output_research_core_v6_full_20260214_182812\waves\wave_03
[RUN] C:\Users\Alexander\AppData\Local\Programs\Python\Python313\python.exe scripts/run_lhs.py --n 250 --seed 3 --seeds 0,1,2 --steps 220 --window 30 --balance-ok-threshold 0.6 --format csv --output C:\Users\Alexander\Desktop\Education\Aspa\code\output_research_core_v6_full_20260214_182812\waves\wave_04\lhs_runs_wave4.csv --bounds-csv C:\Users\Alexander\Desktop\Education\Aspa\code\output_research_core_v6_full_20260214_182812\waves\wave_03\refined_intervals.csv --bounds-kind p05p95
[RUN] C:\Users\Alexander\AppData\Local\Programs\Python\Python313\python.exe scripts/train_emulator.py --data C:\Users\Alexander\Desktop\Education\Aspa\code\output_research_core_v6_full_20260214_182812\waves\wave_04\lhs_runs_wave4.csv --targets C:\Users\Alexander\Desktop\Education\Aspa\code\output_research_core_v6_full_20260214_182812\waves\wave_03\targets_for_wave_final.json --min-r2-for-history-matching 0.3 --improb-threshold 2.6 --ev-mode seed_replicates --ev-default-quantile 0.8 --sigma-calibration-mode fixed --sigma-calibration-summary C:\Users\Alexander\Desktop\Education\Aspa\code\output_research_core_v6_full_20260214_182812\waves\wave_04\sigma_calibration_summary_iter0.csv --calibrated-targets-out C:\Users\Alexander\Desktop\Education\Aspa\code\output_research_core_v6_full_20260214_182812\waves\wave_04\targets_calibrated_iter0.json --sa-enable --sa-domain nroy --sa-reductions 0.1,0.2,0.3,0.4 --outdir C:\Users\Alexander\Desktop\Education\Aspa\code\output_research_core_v6_full_20260214_182812\waves\wave_04
[RUN] C:\Users\Alexander\AppData\Local\Programs\Python\Python313\python.exe scripts/train_emulator.py --data C:\Users\Alexander\Desktop\Education\Aspa\code\output_research_core_v6_full_20260214_182812\waves\wave_04\lhs_runs_wave4.csv --targets C:\Users\Alexander\Desktop\Education\Aspa\code\output_research_core_v6_full_20260214_182812\waves\wave_04\targets_tuned_iter1.json --min-r2-for-history-matching 0.3 --improb-threshold 2.6 --ev-mode seed_replicates --ev-default-quantile 0.8 --sigma-calibration-mode fixed --sigma-calibration-summary C:\Users\Alexander\Desktop\Education\Aspa\code\output_research_core_v6_full_20260214_182812\waves\wave_04\sigma_calibration_summary_iter1.csv --calibrated-targets-out C:\Users\Alexander\Desktop\Education\Aspa\code\output_research_core_v6_full_20260214_182812\waves\wave_04\targets_calibrated_iter1.json --sa-enable --sa-domain nroy --sa-reductions 0.1,0.2,0.3,0.4 --outdir C:\Users\Alexander\Desktop\Education\Aspa\code\output_research_core_v6_full_20260214_182812\waves\wave_04Saved emulator scores to C:\Users\Alexander\Desktop\Education\Aspa\code\output_research_core_v6_full_20260214_182812\waves\wave_04\emulator_scores.csv
Saved sigma calibration summary to C:\Users\Alexander\Desktop\Education\Aspa\code\output_research_core_v6_full_20260214_182812\waves\wave_04\sigma_calibration_summary_iter1.csv
Saved calibrated targets to C:\Users\Alexander\Desktop\Education\Aspa\code\output_research_core_v6_full_20260214_182812\waves\wave_04\targets_calibrated_iter1.json
Saved uncertainty breakdown to C:\Users\Alexander\Desktop\Education\Aspa\code\output_research_core_v6_full_20260214_182812\waves\wave_04\uncertainty_components.csv
Saved history matching table to C:\Users\Alexander\Desktop\Education\Aspa\code\output_research_core_v6_full_20260214_182812\waves\wave_04\history_matching.csv
Saved refined intervals to C:\Users\Alexander\Desktop\Education\Aspa\code\output_research_core_v6_full_20260214_182812\waves\wave_04\refined_intervals.csv
Saved sensitivity table to C:\Users\Alexander\Desktop\Education\Aspa\code\output_research_core_v6_full_20260214_182812\waves\wave_04\sensitivity_uncertainty.csv
Saved sensitivity report to C:\Users\Alexander\Desktop\Education\Aspa\code\output_research_core_v6_full_20260214_182812\waves\wave_04\sensitivity_report.md
Saved emulator scores to C:\Users\Alexander\Desktop\Education\Aspa\code\output_research_core_v6_full_20260214_182812\waves\wave_04\emulator_scores.csv
Saved sigma calibration summary to C:\Users\Alexander\Desktop\Education\Aspa\code\output_research_core_v6_full_20260214_182812\waves\wave_04\sigma_calibration_summary_iter2.csv
Saved calibrated targets to C:\Users\Alexander\Desktop\Education\Aspa\code\output_research_core_v6_full_20260214_182812\waves\wave_04\targets_calibrated_iter2.json
Saved uncertainty breakdown to C:\Users\Alexander\Desktop\Education\Aspa\code\output_research_core_v6_full_20260214_182812\waves\wave_04\uncertainty_components.csv
Saved history matching table to C:\Users\Alexander\Desktop\Education\Aspa\code\output_research_core_v6_full_20260214_182812\waves\wave_04\history_matching.csv
Saved refined intervals to C:\Users\Alexander\Desktop\Education\Aspa\code\output_research_core_v6_full_20260214_182812\waves\wave_04\refined_intervals.csv
Saved sensitivity table to C:\Users\Alexander\Desktop\Education\Aspa\code\output_research_core_v6_full_20260214_182812\waves\wave_04\sensitivity_uncertainty.csv
Saved sensitivity report to C:\Users\Alexander\Desktop\Education\Aspa\code\output_research_core_v6_full_20260214_182812\waves\wave_04\sensitivity_report.md
Saved emulator scores to C:\Users\Alexander\Desktop\Education\Aspa\code\output_research_core_v6_full_20260214_182812\waves\wave_04\emulator_scores.csv
Saved sigma calibration summary to C:\Users\Alexander\Desktop\Education\Aspa\code\output_research_core_v6_full_20260214_182812\waves\wave_04\sigma_calibration_summary_iter3.csv
Saved calibrated targets to C:\Users\Alexander\Desktop\Education\Aspa\code\output_research_core_v6_full_20260214_182812\waves\wave_04\targets_calibrated_iter3.json
Saved uncertainty breakdown to C:\Users\Alexander\Desktop\Education\Aspa\code\output_research_core_v6_full_20260214_182812\waves\wave_04\uncertainty_components.csv
Saved history matching table to C:\Users\Alexander\Desktop\Education\Aspa\code\output_research_core_v6_full_20260214_182812\waves\wave_04\history_matching.csv
Saved refined intervals to C:\Users\Alexander\Desktop\Education\Aspa\code\output_research_core_v6_full_20260214_182812\waves\wave_04\refined_intervals.csv
Saved sensitivity table to C:\Users\Alexander\Desktop\Education\Aspa\code\output_research_core_v6_full_20260214_182812\waves\wave_04\sensitivity_uncertainty.csv
Saved sensitivity report to C:\Users\Alexander\Desktop\Education\Aspa\code\output_research_core_v6_full_20260214_182812\waves\wave_04\sensitivity_report.md
Saved 750 rows to C:\Users\Alexander\Desktop\Education\Aspa\code\output_research_core_v6_full_20260214_182812\waves\wave_05\lhs_runs_wave5.csv
Saved emulator scores to C:\Users\Alexander\Desktop\Education\Aspa\code\output_research_core_v6_full_20260214_182812\waves\wave_05\emulator_scores.csv
Saved sigma calibration summary to C:\Users\Alexander\Desktop\Education\Aspa\code\output_research_core_v6_full_20260214_182812\waves\wave_05\sigma_calibration_summary_iter0.csv
Saved calibrated targets to C:\Users\Alexander\Desktop\Education\Aspa\code\output_research_core_v6_full_20260214_182812\waves\wave_05\targets_calibrated_iter0.json
Saved uncertainty breakdown to C:\Users\Alexander\Desktop\Education\Aspa\code\output_research_core_v6_full_20260214_182812\waves\wave_05\uncertainty_components.csv
Saved history matching table to C:\Users\Alexander\Desktop\Education\Aspa\code\output_research_core_v6_full_20260214_182812\waves\wave_05\history_matching.csv
Saved refined intervals to C:\Users\Alexander\Desktop\Education\Aspa\code\output_research_core_v6_full_20260214_182812\waves\wave_05\refined_intervals.csv
Saved sensitivity table to C:\Users\Alexander\Desktop\Education\Aspa\code\output_research_core_v6_full_20260214_182812\waves\wave_05\sensitivity_uncertainty.csv
Saved sensitivity report to C:\Users\Alexander\Desktop\Education\Aspa\code\output_research_core_v6_full_20260214_182812\waves\wave_05\sensitivity_report.md
Saved emulator scores to C:\Users\Alexander\Desktop\Education\Aspa\code\output_research_core_v6_full_20260214_182812\waves\wave_05\emulator_scores.csv
Saved sigma calibration summary to C:\Users\Alexander\Desktop\Education\Aspa\code\output_research_core_v6_full_20260214_182812\waves\wave_05\sigma_calibration_summary_iter1.csv
Saved calibrated targets to C:\Users\Alexander\Desktop\Education\Aspa\code\output_research_core_v6_full_20260214_182812\waves\wave_05\targets_calibrated_iter1.json
Saved uncertainty breakdown to C:\Users\Alexander\Desktop\Education\Aspa\code\output_research_core_v6_full_20260214_182812\waves\wave_05\uncertainty_components.csv
Saved history matching table to C:\Users\Alexander\Desktop\Education\Aspa\code\output_research_core_v6_full_20260214_182812\waves\wave_05\history_matching.csv
Saved refined intervals to C:\Users\Alexander\Desktop\Education\Aspa\code\output_research_core_v6_full_20260214_182812\waves\wave_05\refined_intervals.csv
Saved sensitivity table to C:\Users\Alexander\Desktop\Education\Aspa\code\output_research_core_v6_full_20260214_182812\waves\wave_05\sensitivity_uncertainty.csv
Saved sensitivity report to C:\Users\Alexander\Desktop\Education\Aspa\code\output_research_core_v6_full_20260214_182812\waves\wave_05\sensitivity_report.md
Saved emulator scores to C:\Users\Alexander\Desktop\Education\Aspa\code\output_research_core_v6_full_20260214_182812\waves\wave_05\emulator_scores.csv
Saved sigma calibration summary to C:\Users\Alexander\Desktop\Education\Aspa\code\output_research_core_v6_full_20260214_182812\waves\wave_05\sigma_calibration_summary_iter2.csv
Saved calibrated targets to C:\Users\Alexander\Desktop\Education\Aspa\code\output_research_core_v6_full_20260214_182812\waves\wave_05\targets_calibrated_iter2.json
Saved uncertainty breakdown to C:\Users\Alexander\Desktop\Education\Aspa\code\output_research_core_v6_full_20260214_182812\waves\wave_05\uncertainty_components.csv
Saved history matching table to C:\Users\Alexander\Desktop\Education\Aspa\code\output_research_core_v6_full_20260214_182812\waves\wave_05\history_matching.csv
Saved refined intervals to C:\Users\Alexander\Desktop\Education\Aspa\code\output_research_core_v6_full_20260214_182812\waves\wave_05\refined_intervals.csv
Saved sensitivity table to C:\Users\Alexander\Desktop\Education\Aspa\code\output_research_core_v6_full_20260214_182812\waves\wave_05\sensitivity_uncertainty.csv
Saved sensitivity report to C:\Users\Alexander\Desktop\Education\Aspa\code\output_research_core_v6_full_20260214_182812\waves\wave_05\sensitivity_report.md
Saved emulator scores to C:\Users\Alexander\Desktop\Education\Aspa\code\output_research_core_v6_full_20260214_182812\waves\wave_05\emulator_scores.csv
Saved sigma calibration summary to C:\Users\Alexander\Desktop\Education\Aspa\code\output_research_core_v6_full_20260214_182812\waves\wave_05\sigma_calibration_summary_iter3.csv
Saved calibrated targets to C:\Users\Alexander\Desktop\Education\Aspa\code\output_research_core_v6_full_20260214_182812\waves\wave_05\targets_calibrated_iter3.json
Saved uncertainty breakdown to C:\Users\Alexander\Desktop\Education\Aspa\code\output_research_core_v6_full_20260214_182812\waves\wave_05\uncertainty_components.csv
Saved history matching table to C:\Users\Alexander\Desktop\Education\Aspa\code\output_research_core_v6_full_20260214_182812\waves\wave_05\history_matching.csv
Saved refined intervals to C:\Users\Alexander\Desktop\Education\Aspa\code\output_research_core_v6_full_20260214_182812\waves\wave_05\refined_intervals.csv
Saved sensitivity table to C:\Users\Alexander\Desktop\Education\Aspa\code\output_research_core_v6_full_20260214_182812\waves\wave_05\sensitivity_uncertainty.csv
Saved sensitivity report to C:\Users\Alexander\Desktop\Education\Aspa\code\output_research_core_v6_full_20260214_182812\waves\wave_05\sensitivity_report.md
Saved points to C:\Users\Alexander\Desktop\Education\Aspa\code\output_research_core_v6_full_20260214_182812\03_report_set\representative_points.csv
Saved run summaries to C:\Users\Alexander\Desktop\Education\Aspa\code\output_research_core_v6_full_20260214_182812\03_report_set\representative_summary.csv
Saved C:\Users\Alexander\Desktop\Education\Aspa\code\output_research_core_v6_full_20260214_182812\03_report_set\rep_plots\rep_00.png
Saved C:\Users\Alexander\Desktop\Education\Aspa\code\output_research_core_v6_full_20260214_182812\03_report_set\rep_plots\rep_01.png
Saved C:\Users\Alexander\Desktop\Education\Aspa\code\output_research_core_v6_full_20260214_182812\03_report_set\rep_plots\rep_02.png
Saved C:\Users\Alexander\Desktop\Education\Aspa\code\output_research_core_v6_full_20260214_182812\03_report_set\rep_plots\rep_03.png
Saved C:\Users\Alexander\Desktop\Education\Aspa\code\output_research_core_v6_full_20260214_182812\03_report_set\rep_plots\rep_04.png
Saved C:\Users\Alexander\Desktop\Education\Aspa\code\output_research_core_v6_full_20260214_182812\03_report_set\rep_plots\rep_05.png
Saved C:\Users\Alexander\Desktop\Education\Aspa\code\output_research_core_v6_full_20260214_182812\03_report_set\rep_plots\rep_06.png
Saved C:\Users\Alexander\Desktop\Education\Aspa\code\output_research_core_v6_full_20260214_182812\03_report_set\rep_plots\rep_07.png
Saved C:\Users\Alexander\Desktop\Education\Aspa\code\output_research_core_v6_full_20260214_182812\03_report_set\rep_plots\rep_08.png
Saved C:\Users\Alexander\Desktop\Education\Aspa\code\output_research_core_v6_full_20260214_182812\03_report_set\rep_plots\rep_09.png

[RUN] C:\Users\Alexander\AppData\Local\Programs\Python\Python313\python.exe scripts/train_emulator.py --data C:\Users\Alexander\Desktop\Education\Aspa\code\output_research_core_v6_full_20260214_182812\waves\wave_04\lhs_runs_wave4.csv --targets C:\Users\Alexander\Desktop\Education\Aspa\code\output_research_core_v6_full_20260214_182812\waves\wave_04\targets_tuned_iter2.json --min-r2-for-history-matching 0.3 --improb-threshold 2.6 --ev-mode seed_replicates --ev-default-quantile 0.8 --sigma-calibration-mode fixed --sigma-calibration-summary C:\Users\Alexander\Desktop\Education\Aspa\code\output_research_core_v6_full_20260214_182812\waves\wave_04\sigma_calibration_summary_iter2.csv --calibrated-targets-out C:\Users\Alexander\Desktop\Education\Aspa\code\output_research_core_v6_full_20260214_182812\waves\wave_04\targets_calibrated_iter2.json --sa-enable --sa-domain nroy --sa-reductions 0.1,0.2,0.3,0.4 --outdir C:\Users\Alexander\Desktop\Education\Aspa\code\output_research_core_v6_full_20260214_182812\waves\wave_04
[RUN] C:\Users\Alexander\AppData\Local\Programs\Python\Python313\python.exe scripts/train_emulator.py --data C:\Users\Alexander\Desktop\Education\Aspa\code\output_research_core_v6_full_20260214_182812\waves\wave_04\lhs_runs_wave4.csv --targets C:\Users\Alexander\Desktop\Education\Aspa\code\output_research_core_v6_full_20260214_182812\waves\wave_04\targets_tuned_iter3.json --min-r2-for-history-matching 0.3 --improb-threshold 2.6 --ev-mode seed_replicates --ev-default-quantile 0.8 --sigma-calibration-mode fixed --sigma-calibration-summary C:\Users\Alexander\Desktop\Education\Aspa\code\output_research_core_v6_full_20260214_182812\waves\wave_04\sigma_calibration_summary_iter3.csv --calibrated-targets-out C:\Users\Alexander\Desktop\Education\Aspa\code\output_research_core_v6_full_20260214_182812\waves\wave_04\targets_calibrated_iter3.json --sa-enable --sa-domain nroy --sa-reductions 0.1,0.2,0.3,0.4 --outdir C:\Users\Alexander\Desktop\Education\Aspa\code\output_research_core_v6_full_20260214_182812\waves\wave_04
[RUN] C:\Users\Alexander\AppData\Local\Programs\Python\Python313\python.exe scripts/run_lhs.py --n 250 --seed 4 --seeds 0,1,2 --steps 220 --window 30 --balance-ok-threshold 0.6 --format csv --output C:\Users\Alexander\Desktop\Education\Aspa\code\output_research_core_v6_full_20260214_182812\waves\wave_05\lhs_runs_wave5.csv --bounds-csv C:\Users\Alexander\Desktop\Education\Aspa\code\output_research_core_v6_full_20260214_182812\waves\wave_04\refined_intervals.csv --bounds-kind p05p95
[RUN] C:\Users\Alexander\AppData\Local\Programs\Python\Python313\python.exe scripts/train_emulator.py --data C:\Users\Alexander\Desktop\Education\Aspa\code\output_research_core_v6_full_20260214_182812\waves\wave_05\lhs_runs_wave5.csv --targets C:\Users\Alexander\Desktop\Education\Aspa\code\output_research_core_v6_full_20260214_182812\waves\wave_04\targets_for_wave_final.json --min-r2-for-history-matching 0.3 --improb-threshold 2.6 --ev-mode seed_replicates --ev-default-quantile 0.8 --sigma-calibration-mode fixed --sigma-calibration-summary C:\Users\Alexander\Desktop\Education\Aspa\code\output_research_core_v6_full_20260214_182812\waves\wave_05\sigma_calibration_summary_iter0.csv --calibrated-targets-out C:\Users\Alexander\Desktop\Education\Aspa\code\output_research_core_v6_full_20260214_182812\waves\wave_05\targets_calibrated_iter0.json --sa-enable --sa-domain nroy --sa-reductions 0.1,0.2,0.3,0.4 --outdir C:\Users\Alexander\Desktop\Education\Aspa\code\output_research_core_v6_full_20260214_182812\waves\wave_05
[RUN] C:\Users\Alexander\AppData\Local\Programs\Python\Python313\python.exe scripts/train_emulator.py --data C:\Users\Alexander\Desktop\Education\Aspa\code\output_research_core_v6_full_20260214_182812\waves\wave_05\lhs_runs_wave5.csv --targets C:\Users\Alexander\Desktop\Education\Aspa\code\output_research_core_v6_full_20260214_182812\waves\wave_05\targets_tuned_iter1.json --min-r2-for-history-matching 0.3 --improb-threshold 2.6 --ev-mode seed_replicates --ev-default-quantile 0.8 --sigma-calibration-mode fixed --sigma-calibration-summary C:\Users\Alexander\Desktop\Education\Aspa\code\output_research_core_v6_full_20260214_182812\waves\wave_05\sigma_calibration_summary_iter1.csv --calibrated-targets-out C:\Users\Alexander\Desktop\Education\Aspa\code\output_research_core_v6_full_20260214_182812\waves\wave_05\targets_calibrated_iter1.json --sa-enable --sa-domain nroy --sa-reductions 0.1,0.2,0.3,0.4 --outdir C:\Users\Alexander\Desktop\Education\Aspa\code\output_research_core_v6_full_20260214_182812\waves\wave_05
[RUN] C:\Users\Alexander\AppData\Local\Programs\Python\Python313\python.exe scripts/train_emulator.py --data C:\Users\Alexander\Desktop\Education\Aspa\code\output_research_core_v6_full_20260214_182812\waves\wave_05\lhs_runs_wave5.csv --targets C:\Users\Alexander\Desktop\Education\Aspa\code\output_research_core_v6_full_20260214_182812\waves\wave_05\targets_tuned_iter2.json --min-r2-for-history-matching 0.3 --improb-threshold 2.6 --ev-mode seed_replicates --ev-default-quantile 0.8 --sigma-calibration-mode fixed --sigma-calibration-summary C:\Users\Alexander\Desktop\Education\Aspa\code\output_research_core_v6_full_20260214_182812\waves\wave_05\sigma_calibration_summary_iter2.csv --calibrated-targets-out C:\Users\Alexander\Desktop\Education\Aspa\code\output_research_core_v6_full_20260214_182812\waves\wave_05\targets_calibrated_iter2.json --sa-enable --sa-domain nroy --sa-reductions 0.1,0.2,0.3,0.4 --outdir C:\Users\Alexander\Desktop\Education\Aspa\code\output_research_core_v6_full_20260214_182812\waves\wave_05
[RUN] C:\Users\Alexander\AppData\Local\Programs\Python\Python313\python.exe scripts/train_emulator.py --data C:\Users\Alexander\Desktop\Education\Aspa\code\output_research_core_v6_full_20260214_182812\waves\wave_05\lhs_runs_wave5.csv --targets C:\Users\Alexander\Desktop\Education\Aspa\code\output_research_core_v6_full_20260214_182812\waves\wave_05\targets_tuned_iter3.json --min-r2-for-history-matching 0.3 --improb-threshold 2.6 --ev-mode seed_replicates --ev-default-quantile 0.8 --sigma-calibration-mode fixed --sigma-calibration-summary C:\Users\Alexander\Desktop\Education\Aspa\code\output_research_core_v6_full_20260214_182812\waves\wave_05\sigma_calibration_summary_iter3.csv --calibrated-targets-out C:\Users\Alexander\Desktop\Education\Aspa\code\output_research_core_v6_full_20260214_182812\waves\wave_05\targets_calibrated_iter3.json --sa-enable --sa-domain nroy --sa-reductions 0.1,0.2,0.3,0.4 --outdir C:\Users\Alexander\Desktop\Education\Aspa\code\output_research_core_v6_full_20260214_182812\waves\wave_05
[RUN] C:\Users\Alexander\AppData\Local\Programs\Python\Python313\python.exe scripts/make_report_set.py --data C:\Users\Alexander\Desktop\Education\Aspa\code\output_research_core_v6_full_20260214_182812\02_wave2\lhs_runs_wave5.csv --history-matching C:\Users\Alexander\Desktop\Education\Aspa\code\output_research_core_v6_full_20260214_182812\02_wave2\history_matching.csv --outdir C:\Users\Alexander\Desktop\Education\Aspa\code\output_research_core_v6_full_20260214_182812\03_report_set --n 10 --steps 500 --window 60 --seeds 0,1,2 --min-employment 45 --min-output 50 --min-consumption 50 --min-hh-deposit 0.2 --max-bank-resolved-share 0.06 --max-bank-bailedout-share 0.02 --max-haircut-mean 0.03 --max-defaults-hh-rate 0.01 --max-defaults-firm-rate 0.01 --balance-ok-threshold 0.98
[RUN] C:\Users\Alexander\AppData\Local\Programs\Python\Python313\python.exe scripts/plot_report_runs.py --runs-dir C:\Users\Alexander\Desktop\Education\Aspa\code\output_research_core_v6_full_20260214_182812\03_report_set --out C:\Users\Alexander\Desktop\Education\Aspa\code\output_research_core_v6_full_20260214_182812\03_report_set\rep_plots
[RUN] C:\Users\Alexander\AppData\Local\Programs\Python\Python313\python.exe scripts/run_lhs.py --n 350 --seed 105 --seeds 0,1,2 --steps 220 --window 30 --balance-ok-threshold 0.6 --bounds-csv C:\Users\Alexander\Desktop\Education\Aspa\code\output_research_core_v6_full_20260214_182812\waves\wave_05\refined_intervals.csv --bounds-kind p05p95 --format csv --output C:\Users\Alexander\Desktop\Education\Aspa\code\output_research_core_v6_full_20260214_182812\05_confirmatory\wave_05\lhs_runs_confirm_wave5.csvSaved 1050 rows to C:\Users\Alexander\Desktop\Education\Aspa\code\output_research_core_v6_full_20260214_182812\05_confirmatory\wave_05\lhs_runs_confirm_wave5.csv
Saved emulator scores to C:\Users\Alexander\Desktop\Education\Aspa\code\output_research_core_v6_full_20260214_182812\05_confirmatory\wave_05\emulator_scores.csv
Saved sigma calibration summary to C:\Users\Alexander\Desktop\Education\Aspa\code\output_research_core_v6_full_20260214_182812\05_confirmatory\wave_05\sigma_calibration_summary.csv
Saved calibrated targets to C:\Users\Alexander\Desktop\Education\Aspa\code\output_research_core_v6_full_20260214_182812\05_confirmatory\wave_05\targets_calibrated.json
Saved uncertainty breakdown to C:\Users\Alexander\Desktop\Education\Aspa\code\output_research_core_v6_full_20260214_182812\05_confirmatory\wave_05\uncertainty_components.csv
Saved history matching table to C:\Users\Alexander\Desktop\Education\Aspa\code\output_research_core_v6_full_20260214_182812\05_confirmatory\wave_05\history_matching.csv
Saved refined intervals to C:\Users\Alexander\Desktop\Education\Aspa\code\output_research_core_v6_full_20260214_182812\05_confirmatory\wave_05\refined_intervals.csv
Saved sensitivity table to C:\Users\Alexander\Desktop\Education\Aspa\code\output_research_core_v6_full_20260214_182812\05_confirmatory\wave_05\sensitivity_uncertainty.csv
Saved sensitivity report to C:\Users\Alexander\Desktop\Education\Aspa\code\output_research_core_v6_full_20260214_182812\05_confirmatory\wave_05\sensitivity_report.md
Saved report to C:\Users\Alexander\Desktop\Education\Aspa\code\output_research_core_v6_full_20260214_182812\04_master\research_core_report.md
Saved tables to C:\Users\Alexander\Desktop\Education\Aspa\code\output_research_core_v6_full_20260214_182812\04_master\research_core_tables

[RUN] C:\Users\Alexander\AppData\Local\Programs\Python\Python313\python.exe scripts/train_emulator.py --data C:\Users\Alexander\Desktop\Education\Aspa\code\output_research_core_v6_full_20260214_182812\05_confirmatory\wave_05\lhs_runs_confirm_wave5.csv --targets C:\Users\Alexander\Desktop\Education\Aspa\code\output_research_core_v6_full_20260214_182812\waves\wave_05\targets_for_wave_final.json --min-r2-for-history-matching 0.3 --improb-threshold 2.6 --ev-mode seed_replicates --ev-default-quantile 0.8 --sigma-calibration-mode fixed --sigma-calibration-summary C:\Users\Alexander\Desktop\Education\Aspa\code\output_research_core_v6_full_20260214_182812\05_confirmatory\wave_05\sigma_calibration_summary.csv --calibrated-targets-out C:\Users\Alexander\Desktop\Education\Aspa\code\output_research_core_v6_full_20260214_182812\05_confirmatory\wave_05\targets_calibrated.json --sa-enable --sa-domain nroy --sa-reductions 0.1,0.2,0.3,0.4 --outdir C:\Users\Alexander\Desktop\Education\Aspa\code\output_research_core_v6_full_20260214_182812\05_confirmatory\wave_05
[RUN] C:\Users\Alexander\AppData\Local\Programs\Python\Python313\python.exe scripts/make_research_master_report.py --root C:\Users\Alexander\Desktop\Education\Aspa\code\output_research_core_v6_full_20260214_182812 --run-config C:\Users\Alexander\Desktop\Education\Aspa\code\output_research_core_v6_full_20260214_182812\run_config.json --out C:\Users\Alexander\Desktop\Education\Aspa\code\output_research_core_v6_full_20260214_182812\04_master\research_core_report.md --tables-dir C:\Users\Alexander\Desktop\Education\Aspa\code\output_research_core_v6_full_20260214_182812\04_master\research_core_tables --confirmatory-summary C:\Users\Alexander\Desktop\Education\Aspa\code\output_research_core_v6_full_20260214_182812\04_master\confirmatory_summary.json --waves-summary C:\Users\Alexander\Desktop\Education\Aspa\code\output_research_core_v6_full_20260214_182812\waves_summary.csv --stopping-diagnostics C:\Users\Alexander\Desktop\Education\Aspa\code\output_research_core_v6_full_20260214_182812\stopping_diagnostics.json
[DONE] Research core v3 pipeline completed.
